
> Configure project :
Fabric Loom: 1.15.5

> Task :compileJava UP-TO-DATE
> Task :processResources UP-TO-DATE
> Task :classes UP-TO-DATE
> Task :compileClientJava UP-TO-DATE
> Task :processClientResources NO-SOURCE
> Task :clientClasses UP-TO-DATE
> Task :generateLog4jConfig UP-TO-DATE
> Task :generateDLIConfig UP-TO-DATE
> Task :configureLaunch UP-TO-DATE
> Task :downloadAssets UP-TO-DATE
> Task :configureClientLaunch UP-TO-DATE

> Task :runClient
[34m[09:48:33][m [33m[main/WARN][m [36m(FabricLoader/Knot)[m [0mClass path entries reference missing files: D:\Minecraft_MODS\ultimate_minecarts\build\resources\client - the game may not load properly!
[m[34m[09:48:33][m [32m[main/INFO][m [36m(FabricLoader/GameProvider)[m [0mLoading Minecraft 26.1 with Fabric Loader 0.18.4
[m[34m[09:48:33][m [32m[main/INFO][m [36m(FabricLoader/Mappings)[m [0mMappings not present!
[m[34m[09:48:33][m [33m[ForkJoinPool-1-worker-6/WARN][m [36m(FabricLoader/Metadata)[m [0mMod ultimate_minecarts uses the version unspecified which isn't compatible with Loader's extended semantic version format (Could not parse version number component 'unspecified'!), SemVer is recommended for reliably evaluating dependencies and prioritizing newer version
[m[34m[09:48:33][m [32m[main/INFO][m [36m(FabricLoader)[m [0mLoading 54 mods:
	- entity_model_features 3.2.2
	- entity_texture_features 7.1
	- fabric-api 0.146.1+26.1.2
	- fabric-api-base 2.0.3+ece0632359
	- fabric-api-lookup-api-v1 2.0.10+d5a053b639
	- fabric-biome-api-v1 18.0.4+35c80edc39
	- fabric-block-api-v1 3.0.2+ec56b60139
	- fabric-block-getter-api-v2 2.0.6+ec56b60139
	- fabric-client-gametest-api-v1 5.0.14+9c21967139
	- fabric-command-api-v2 3.0.5+e2bdee7839
	- fabric-content-registries-v0 11.0.12+d871b99e39
	- fabric-convention-tags-v2 4.3.2+c37e6e5f39
	- fabric-crash-report-info-v1 1.0.3+9f78a5a839
	- fabric-creative-tab-api-v1 5.0.10+d871b99e39
	- fabric-data-attachment-api-v1 2.2.3+d602a89639
	- fabric-data-generation-api-v1 24.0.17+35c80edc39
	- fabric-debug-api-v1 1.0.1+c792624d39
	- fabric-dimensions-v1 5.1.4+9cbf5da539
	- fabric-entity-events-v1 5.0.2+e2bdee7839
	- fabric-events-interaction-v0 5.1.10+c82f046139
	- fabric-game-rule-api-v1 4.0.5+d871b99e39
	- fabric-gametest-api-v1 4.0.13+00a1fba639
	- fabric-item-api-v1 14.1.0+9833182c39
	- fabric-key-mapping-api-v1 2.0.4+e2bdee7859
	- fabric-lifecycle-events-v1 4.0.6+a9b9c17659
	- fabric-loot-api-v3 3.0.11+00a1fba639
	- fabric-menu-api-v1 2.0.12+d871b99e39
	- fabric-message-api-v1 7.0.5+dae8ce3e39
	- fabric-model-loading-api-v1 8.0.3+c80601bb39
	- fabric-networking-api-v1 6.3.0+50a808ce39
	- fabric-object-builder-api-v1 23.0.13+b61fef4339
	- fabric-particles-v1 5.0.14+b61fef4339
	- fabric-recipe-api-v1 9.0.13+be4b75ae39
	- fabric-registry-sync-v0 7.0.12+b61fef4339
	- fabric-renderer-api-v1 13.0.0+c80601bb39
	- fabric-renderer-indigo 8.0.2+a6be36ef39
	- fabric-rendering-fluids-v1 6.0.1+d871b99e39
	- fabric-rendering-v1 23.0.4+c7e428fd39
	- fabric-resource-conditions-api-v1 6.0.5+00a1fba639
	- fabric-resource-loader-v0 3.3.16+4fc5413f39
	- fabric-resource-loader-v1 2.0.9+d871b99e59
	- fabric-screen-api-v1 5.0.1+d871b99e59
	- fabric-serialization-api-v1 2.0.3+11a26f3139
	- fabric-sound-api-v1 2.0.4+11a26f3139
	- fabric-tag-api-v1 2.0.9+11a26f3139
	- fabric-transfer-api-v1 8.0.2+d871b99e39
	- fabric-transitive-access-wideners-v1 8.0.11+d871b99e39
	- fabricloader 0.18.4
	- java 25
	- minecraft 26.1
	- mixinextras 0.5.3
	- modmenu 18.0.0-alpha.8
	   \-- placeholder-api 3.0.0-beta.2+26.1
	- ultimate_minecarts unspecified
[m[34m[09:48:33][m [33m[main/WARN][m [36m(FabricLoader/ModRemap)[m [0mRuntime mod remapping disabled due to no fabric.remapClasspathFile being specified. You may need to update loom.
[m[34m[09:48:33][m [32m[main/INFO][m [36m(FabricLoader/Mixin)[m [0mSpongePowered MIXIN Subsystem Version=0.8.7 Source=file:/C:/Users/Nanaky/.gradle/caches/modules-2/files-2.1/net.fabricmc/sponge-mixin/0.17.0+mixin.0.8.7/cf31463202f72d03b0ef1e1e38e8ee71b7faaab6/sponge-mixin-0.17.0+mixin.0.8.7.jar Service=Knot/Fabric Env=CLIENT
[m[34m[09:48:33][m [33m[main/WARN][m [36m(FabricLoader/Mixin)[m [0mThe requested compatibility level JAVA_25 is higher than the level supported by the active subsystem 'Knot/Fabric' which supports JAVA_22. This is not a supported configuration and instability may occur.
[m[34m[09:48:33][m [32m[main/INFO][m [36m(FabricLoader/Mixin)[m [0mCompatibility level set to JAVA_25
[m[34m[09:48:34][m [33m[main/WARN][m [36m(FabricLoader/Mixin)[m [0mError loading class: net/raphimc/immediatelyfast/feature/core/BatchableBufferSource (java.lang.ClassNotFoundException: net/raphimc/immediatelyfast/feature/core/BatchableBufferSource)
[m[34m[09:48:34][m [33m[main/WARN][m [36m(FabricLoader/Mixin)[m [0mError loading class: net/irisshaders/iris/layer/OuterWrappedRenderType (java.lang.ClassNotFoundException: net/irisshaders/iris/layer/OuterWrappedRenderType)
[m[34m[09:48:34][m [32m[main/INFO][m [36m(FabricLoader/MixinExtras|Service)[m [0mInitializing MixinExtras via com.llamalad7.mixinextras.service.MixinExtrasServiceImpl(version=0.5.3).
[m[34m[09:48:35][m [32m[Datafixer Bootstrap/INFO][m [36m(Minecraft)[m [0m291 Datafixer optimizations took 320 milliseconds
[m[34m[09:48:39][m [32m[Render thread/INFO][m [36m(Minecraft)[m [0mEnvironment: Environment[sessionHost=https://sessionserver.mojang.com, servicesHost=https://api.minecraftservices.com, profilesHost=https://api.mojang.com, name=PROD]
[m[34m[09:48:39][m [32m[Render thread/INFO][m [36m(Minecraft)[m [0mSetting user: Player552
[m[34m[09:48:40][m [32m[Render thread/INFO][m [36m(Entity Texture Features)[m [0m[ETF]: Modifying ETF Render State constructor because: for EMF
[m[34m[09:48:40][m [32m[Render thread/INFO][m [36m(EMF)[m [0mLoading Entity Model Features, not fit for consumption in Portugal.
[m[34m[09:48:40][m [32m[Render thread/INFO][m [36m(Entity Texture Features)[m [0m[ETF]: 6 new ETF Random Properties registered by entity_model_features
[m[34m[09:48:40][m [32m[Render thread/INFO][m [36m(Mod Menu/Update Checker)[m [0mChecking mod updates...
[m[34m[09:48:40][m [32m[Render thread/INFO][m [36m(Indigo)[m [0m[Indigo] Registering Indigo renderer!
[m[34m[09:48:40][m [32m[Render thread/INFO][m [36m(Entity Texture Features)[m [0mLoading Entity Texture Features, also known as ETF!
[m[34m[09:48:40][m [32m[ModMenu/Update Checker/Fabric Loader/INFO][m [36m(Mod Menu/Update Checker)[m [0mUpdate available for 'fabricloader@0.18.4'
[m[34m[09:48:40][m [32m[Render thread/INFO][m [36m(Minecraft)[m [0mBackend library: LWJGL version 3.4.1-snapshot
[m[34m[09:48:40][m [32m[Download-3/INFO][m [36m(Mod Menu/Update Checker)[m [0mUpdate available for 'fabric-api@0.146.1+26.1.2', (-> 0.147.0+26.1.2)
[m[34m[09:48:41][m [32m[Render thread/INFO][m [36m(Minecraft)[m [0mUsing optional rendering extensions: GL_ARB_buffer_storage, GL_KHR_debug, GL_ARB_vertex_attrib_binding, GL_ARB_direct_state_access, GL_EXT_texture_filter_anisotropic
[m[34m[09:48:41][m [32m[Render thread/INFO][m [36m(Minecraft)[m [0mReloading ResourceManager: vanilla, entity_model_features, entity_texture_features, fabric-api, fabric-api-base, fabric-api-lookup-api-v1, fabric-biome-api-v1, fabric-block-api-v1, fabric-block-getter-api-v2, fabric-client-gametest-api-v1, fabric-command-api-v2, fabric-content-registries-v0, fabric-convention-tags-v2, fabric-crash-report-info-v1, fabric-creative-tab-api-v1, fabric-data-attachment-api-v1, fabric-data-generation-api-v1, fabric-debug-api-v1, fabric-dimensions-v1, fabric-entity-events-v1, fabric-events-interaction-v0, fabric-game-rule-api-v1, fabric-gametest-api-v1, fabric-item-api-v1, fabric-key-mapping-api-v1, fabric-lifecycle-events-v1, fabric-loot-api-v3, fabric-menu-api-v1, fabric-message-api-v1, fabric-model-loading-api-v1, fabric-networking-api-v1, fabric-object-builder-api-v1, fabric-particles-v1, fabric-recipe-api-v1, fabric-registry-sync-v0, fabric-renderer-api-v1, fabric-renderer-indigo, fabric-rendering-fluids-v1, fabric-rendering-v1, fabric-resource-conditions-api-v1, fabric-resource-loader-v0, fabric-resource-loader-v1, fabric-screen-api-v1, fabric-serialization-api-v1, fabric-sound-api-v1, fabric-tag-api-v1, fabric-transfer-api-v1, fabric-transitive-access-wideners-v1, fabricloader, modmenu, placeholder-api, ultimate_minecarts
[m[34m[09:48:41][m [32m[Download-3/INFO][m [36m(Minecraft)[m [0mCould not authorize you against Realms server: java.lang.RuntimeException: Failed to parse into SignedJWT: FabricMC
[m[34m[09:48:42][m [32m[Worker-Main-5/INFO][m [36m(Minecraft)[m [0mFound unifont_pua-17.0.01.hex, loading
[m[34m[09:48:42][m [32m[Worker-Main-8/INFO][m [36m(Minecraft)[m [0mFound unifont_all_no_pua-17.0.01.hex, loading
[m[34m[09:48:42][m [32m[Worker-Main-15/INFO][m [36m(Minecraft)[m [0mFound unifont_jp_patch-17.0.01.hex, loading
[m[34m[09:48:42][m [32m[Render thread/INFO][m [36m(EMF)[m [0m[EMF]: EMF did not find the Iris API, disabling shadow pass detection
[m[34m[09:48:43][m [33m[Worker-Main-10/WARN][m [36m(Minecraft)[m [0mMissing texture references in model ultimate_minecarts:block/ultimate_minecart_on:
    particle
[m[34m[09:48:43][m [32m[Render thread/INFO][m [36m(Minecraft)[m [0mOpenAL initialized on device OpenAL Soft on Beyond TV (NVIDIA High Definition Audio)
[m[34m[09:48:43][m [32m[Render thread/INFO][m [36m(Minecraft)[m [0mSound engine started
[m[34m[09:48:43][m [32m[Render thread/INFO][m [36m(Minecraft)[m [0mCreated: 512x256x0 minecraft:textures/atlas/particles.png-atlas
[m[34m[09:48:43][m [32m[Render thread/INFO][m [36m(Minecraft)[m [0mCreated: 128x128x0 minecraft:textures/atlas/decorated_pot.png-atlas
[m[34m[09:48:43][m [32m[Render thread/INFO][m [36m(Minecraft)[m [0mCreated: 2048x1024x0 minecraft:textures/atlas/armor_trims.png-atlas
[m[34m[09:48:43][m [32m[Render thread/INFO][m [36m(Minecraft)[m [0mCreated: 512x256x0 minecraft:textures/atlas/paintings.png-atlas
[m[34m[09:48:43][m [32m[Render thread/INFO][m [36m(Minecraft)[m [0mCreated: 1024x512x0 minecraft:textures/atlas/shield_patterns.png-atlas
[m[34m[09:48:43][m [32m[Render thread/INFO][m [36m(Minecraft)[m [0mCreated: 2048x2048x4 minecraft:textures/atlas/blocks.png-atlas
[m[34m[09:48:43][m [32m[Render thread/INFO][m [36m(Minecraft)[m [0mCreated: 512x512x0 minecraft:textures/atlas/chest.png-atlas
[m[34m[09:48:43][m [32m[Render thread/INFO][m [36m(Minecraft)[m [0mCreated: 256x128x0 minecraft:textures/atlas/celestials.png-atlas
[m[34m[09:48:43][m [32m[Render thread/INFO][m [36m(Minecraft)[m [0mCreated: 1024x512x0 minecraft:textures/atlas/banner_patterns.png-atlas
[m[34m[09:48:43][m [32m[Render thread/INFO][m [36m(Minecraft)[m [0mCreated: 512x512x0 minecraft:textures/atlas/beds.png-atlas
[m[34m[09:48:43][m [32m[Render thread/INFO][m [36m(Minecraft)[m [0mCreated: 1024x512x0 minecraft:textures/atlas/items.png-atlas
[m[34m[09:48:43][m [32m[Render thread/INFO][m [36m(Minecraft)[m [0mCreated: 1024x1024x0 minecraft:textures/atlas/gui.png-atlas
[m[34m[09:48:43][m [32m[Render thread/INFO][m [36m(Minecraft)[m [0mCreated: 128x64x0 minecraft:textures/atlas/map_decorations.png-atlas
[m[34m[09:48:44][m [32m[Render thread/INFO][m [36m(Minecraft)[m [0mCreated: 512x256x0 minecraft:textures/atlas/signs.png-atlas
[m[34m[09:48:44][m [32m[Render thread/INFO][m [36m(Minecraft)[m [0mCreated: 512x512x0 minecraft:textures/atlas/shulker_boxes.png-atlas
[m[34m[09:48:44][m [32m[Render thread/INFO][m [36m(Entity Texture Features)[m [0m[ETF]: reloading ETF data.
[m[34m[09:48:44][m [32m[Render thread/INFO][m [36m(Entity Texture Features)[m [0m[ETF]: emissive suffixes loaded: [_e]
[m[34m[09:48:44][m [32m[Render thread/INFO][m [36m(Entity Texture Features)[m [0m[ETF]: emissive suffixes loaded: [_e]
[m[34m[09:48:44][m [32m[IO-Worker-1/INFO][m [36m(Minecraft)[m [0mCould not authorize you against Realms server: java.lang.RuntimeException: Failed to parse into SignedJWT: FabricMC
[m[34m[09:48:49][m [32m[Render thread/INFO][m [36m(Minecraft)[m [0mLoaded 1515 recipes
[m[34m[09:48:49][m [32m[Render thread/INFO][m [36m(Minecraft)[m [0mLoaded 1617 advancements
[m[34m[09:48:49][m [32m[Render thread/INFO][m [36m(Entity Texture Features)[m [0m[ETF]: emissive suffixes loaded: [_e]
[m[34m[09:48:49][m [32m[Render thread/INFO][m [36m(BiomeModificationImpl)[m [0mApplied 0 biome modifications to 0 of 65 new biomes in 930.6 μs
[m[34m[09:48:49][m [32m[Server thread/INFO][m [36m(Minecraft)[m [0mStarting integrated minecraft server version 26.1
[m[34m[09:48:49][m [32m[Server thread/INFO][m [36m(Minecraft)[m [0mGenerating keypair
[m[34m[09:48:49][m [32m[Server thread/INFO][m [36m(Minecraft)[m [0mLoading 25 persistent chunks...
[m[34m[09:48:49][m [32m[Server thread/INFO][m [36m(Minecraft)[m [0mPreparing spawn area: 11%
[m[34m[09:48:50][m [32m[Server thread/INFO][m [36m(Minecraft)[m [0mPreparing spawn area: 11%
[m[34m[09:48:50][m [32m[Server thread/INFO][m [36m(Minecraft)[m [0mSaving chunks for level 'ServerLevel[TEST2]'/minecraft:overworld
[m[34m[09:48:50][m [32m[Server thread/INFO][m [36m(Minecraft)[m [0mSaving chunks for level 'ServerLevel[TEST2]'/minecraft:the_end
[m[34m[09:48:50][m [32m[Server thread/INFO][m [36m(Minecraft)[m [0mSaving chunks for level 'ServerLevel[TEST2]'/minecraft:the_nether
[m[34m[09:48:50][m [32m[Server thread/INFO][m [36m(Minecraft)[m [0mThreadedAnvilChunkStorage (world): All chunks are saved
[m[34m[09:48:50][m [32m[Server thread/INFO][m [36m(Minecraft)[m [0mThreadedAnvilChunkStorage (DIM1): All chunks are saved
[m[34m[09:48:50][m [32m[Server thread/INFO][m [36m(Minecraft)[m [0mThreadedAnvilChunkStorage (DIM-1): All chunks are saved
[m[34m[09:48:50][m [32m[Server thread/INFO][m [36m(Minecraft)[m [0mThreadedAnvilChunkStorage: All dimensions are saved
[m[34m[09:48:50][m [33m[Server thread/WARN][m [36m(TranslationConventionLogWarnings)[m [0m
	Dev warning - Untranslated Item Tags detected. Please translate your item tags so other mods such as recipe viewers can properly display your tag's name.
	The format desired is tag.item.<namespace>.<path> for the translation key with slashes in path turned into periods.
	To disable this message, set this system property in your runs: `-Dfabric-tag-conventions-v2.missingTagTranslationWarning=SILENCED`.
	To see individual untranslated item tags found, set the system property to `-Dfabric-tag-conventions-v2.missingTagTranslationWarning=VERBOSE`.
	Default is `SHORT`.

[m[34m[09:48:51][m [32m[Server thread/INFO][m [36m(Minecraft)[m [0mLoading 39 chunks for player spawn...
[m[34m[09:48:51][m [32m[Server thread/INFO][m [36m(Minecraft)[m [0mPreparing spawn area: 41%
[m[34m[09:48:51][m [32m[Server thread/INFO][m [36m(Minecraft)[m [0mTime elapsed: 1308 ms
[m[34m[09:48:51][m [32m[Server thread/INFO][m [36m(Minecraft)[m [0mPlayer552[local:E:1cf10f79] logged in with entity id 36 at (-86.78138731603688, 103.0, 58.90322713671425)
[m[34m[09:48:51][m [32m[Server thread/INFO][m [36m(Minecraft)[m [0mPlayer552 joined the game
[m[34m[09:48:51][m [32m[Server thread/INFO][m [36m(Minecraft)[m [0mPlayer552 has made the advancement [Acquire Hardware]
[m[34m[09:48:51][m [32m[Server thread/INFO][m [36m(Minecraft)[m [0mChanging view distance to 16, from 10
[m[34m[09:48:51][m [32m[Server thread/INFO][m [36m(Minecraft)[m [0mChanging simulation distance to 12, from 0
[m[34m[09:48:51][m [32m[Render thread/INFO][m [36m(Minecraft)[m [0m[System] [CHAT] Player552 has made the advancement [Acquire Hardware]
[m[34m[09:48:51][m [32m[Render thread/INFO][m [36m(Minecraft)[m [0mLoaded 52 advancements
[m[34m[09:48:51][m [32m[Render thread/INFO][m [36m(Minecraft)[m [0mResizing Dynamic Transforms UBO, capacity limit of 2 reached during a single frame. New capacity will be 4.
[m[34m[09:48:51][m [32m[Render thread/INFO][m [36m(Minecraft)[m [0mResizing Dynamic Transforms UBO, capacity limit of 4 reached during a single frame. New capacity will be 8.
[m[34m[09:48:51][m [32m[Render thread/INFO][m [36m(Minecraft)[m [0mResizing Chunk Sections UBO, capacity limit of 2 reached during a single frame. New capacity will be 4.
[m[34m[09:48:51][m [32m[Render thread/INFO][m [36m(Minecraft)[m [0mResizing Chunk Sections UBO, capacity limit of 4 reached during a single frame. New capacity will be 8.
[m[34m[09:48:52][m [32m[Render thread/INFO][m [36m(Minecraft)[m [0mResizing Chunk Sections UBO, capacity limit of 8 reached during a single frame. New capacity will be 16.
[m[34m[09:48:52][m [32m[Render thread/INFO][m [36m(Minecraft)[m [0mResizing Chunk Sections UBO, capacity limit of 16 reached during a single frame. New capacity will be 32.
[m[34m[09:48:52][m [32m[Render thread/INFO][m [36m(Minecraft)[m [0mResizing Chunk Sections UBO, capacity limit of 32 reached during a single frame. New capacity will be 64.
[m[34m[09:48:52][m [32m[Render thread/INFO][m [36m(Minecraft)[m [0mResizing Chunk Sections UBO, capacity limit of 64 reached during a single frame. New capacity will be 128.
[m[34m[09:48:53][m [32m[Render thread/INFO][m [36m(Minecraft)[m [0mResizing Chunk Sections UBO, capacity limit of 128 reached during a single frame. New capacity will be 256.
[m[34m[09:48:55][m [32m[Render thread/INFO][m [36m(Minecraft)[m [0mResizing Chunk Sections UBO, capacity limit of 256 reached during a single frame. New capacity will be 512.
[m[34m[09:49:03][m [32m[Render thread/INFO][m [36m(Minecraft)[m [0mStopping!
[m[34m[09:49:03][m [32m[Server thread/INFO][m [36m(Minecraft)[m [0mStopping server
[m[34m[09:49:03][m [32m[Server thread/INFO][m [36m(Minecraft)[m [0mSaving players
[m[34m[09:49:03][m [32m[Server thread/INFO][m [36m(Minecraft)[m [0mPlayer552 lost connection: Disconnected
[m[34m[09:49:03][m [32m[Server thread/INFO][m [36m(Minecraft)[m [0mPlayer552 left the game
[m[34m[09:49:03][m [32m[Server thread/INFO][m [36m(Minecraft)[m [0mStopping singleplayer server as player logged out
[m[34m[09:49:03][m [32m[Server thread/INFO][m [36m(Minecraft)[m [0mSaving worlds
[m[34m[09:49:03][m [32m[Server thread/INFO][m [36m(Minecraft)[m [0mSaving chunks for level 'ServerLevel[TEST2]'/minecraft:overworld
[m[34m[09:49:03][m [32m[Server thread/INFO][m [36m(Minecraft)[m [0mSaving chunks for level 'ServerLevel[TEST2]'/minecraft:the_end
[m[34m[09:49:03][m [32m[Server thread/INFO][m [36m(Minecraft)[m [0mSaving chunks for level 'ServerLevel[TEST2]'/minecraft:the_nether
[m[34m[09:49:03][m [32m[Server thread/INFO][m [36m(Minecraft)[m [0mThreadedAnvilChunkStorage (world): All chunks are saved
[m[34m[09:49:03][m [32m[Server thread/INFO][m [36m(Minecraft)[m [0mThreadedAnvilChunkStorage (DIM1): All chunks are saved
[m[34m[09:49:03][m [32m[Server thread/INFO][m [36m(Minecraft)[m [0mThreadedAnvilChunkStorage (DIM-1): All chunks are saved
[m[34m[09:49:03][m [32m[Server thread/INFO][m [36m(Minecraft)[m [0mThreadedAnvilChunkStorage: All dimensions are saved
[m[34m[09:49:03][m [32m[Render thread/INFO][m [36m(Entity Texture Features)[m [0m[ETF]: emissive suffixes loaded: [_e]
[m
[Incubating] Problems report is available at: file:///D:/Minecraft_MODS/ultimate_minecarts/build/reports/problems/problems-report.html

Deprecated Gradle features were used in this build, making it incompatible with Gradle 10.

You can use '--warning-mode all' to show the individual deprecation warnings and determine if they come from your own scripts or plugins.

For more on this, please refer to https://docs.gradle.org/9.4.0/userguide/command_line_interface.html#sec:command_line_warnings in the Gradle documentation.

BUILD SUCCESSFUL in 32s
7 actionable tasks: 1 executed, 6 up-to-date
Consider enabling configuration cache to speed up this build: https://docs.gradle.org/9.4.0/userguide/configuration_cache_enabling.html
